error: complete node input type is used outside a projection-construction owner
  --> $DIR/semantic_escapes.rs:25:28
   |
LL |         fn direct_type(_: &crate::NodeInput) {}
   |                            ^^^^^^^^^^^^^^^^
   |
note: the lint level is defined here
  --> $DIR/semantic_escapes.rs:2:9
   |
LL | #![deny(p01_i08_s02_r06_t02_node_projection_boundary)]
   |         ^^^^^^^^^^^^^^^^^^^^^^^^^^^^^^^^^^^^^^^^^^^^

error: complete node input alias escapes its owner
  --> $DIR/semantic_escapes.rs:27:9
   |
LL |         type HiddenCompleteInput = crate::NodeInput;
   |         ^^^^^^^^^^^^^^^^^^^^^^^^^^^^^^^^^^^^^^^^^^^^

error: complete node input type is used outside a projection-construction owner
  --> $DIR/semantic_escapes.rs:34:35
   |
LL |             fn new_descendant(_: &crate::LayoutInput) {}
   |                                   ^^^^^^^^^^^^^^^^^^

error: complete node input visibility reexport escapes its owner
  --> $DIR/semantic_escapes.rs:40:5
   |
LL |     pub(crate) use crate::NodeInput as VisibleCompleteInput;
   |     ^^^^^^^^^^^^^^^^^^^^^^^^^^^^^^^^^^^^^^^^^^^^^^^^^^^^^^^^

error: LayoutTree::node_input is used outside a projection-construction owner
  --> $DIR/semantic_escapes.rs:44:21
   |
LL |             let _ = tree.node_input();
   |                     ^^^^^^^^^^^^^^^^^

error: complete node input alias escapes its owner
  --> $DIR/semantic_escapes.rs:51:9
   |
LL |         type OwnerAliasEscape = crate::LayoutInput;
   |         ^^^^^^^^^^^^^^^^^^^^^^^^^^^^^^^^^^^^^^^^^^^

error: LayoutTree::node_input is used outside a projection-construction owner
  --> $DIR/semantic_escapes.rs:56:21
   |
LL |             let _ = crate::LayoutTree::node_input(tree);
   |                     ^^^^^^^^^^^^^^^^^^^^^^^^^^^^^

error: complete node input visibility reexport escapes its owner
  --> $DIR/semantic_escapes.rs:63:9
   |
LL |         pub(super) use crate::LayoutInput as OwnerVisibleEscape;
   |         ^^^^^^^^^^^^^^^^^^^^^^^^^^^^^^^^^^^^^^^^^^^^^^^^^^^^^^^^

error: LayoutTree::node_input is used outside a projection-construction owner
  --> $DIR/semantic_escapes.rs:69:31
   |
LL |                 let _lookup = <T as crate::LayoutTree>::node_input;
   |                               ^^^^^^^^^^^^^^^^^^^^^^^^^^^^^^^^^^^^

error: complete node input type is used outside a projection-construction owner
  --> $DIR/semantic_escapes.rs:79:41
   |
LL |             fn direct_node_input_of(_: &crate::NodeInputOf) {}
   |                                         ^^^^^^^^^^^^^^^^^^

error: complete node input type is used outside a projection-construction owner
  --> $DIR/semantic_escapes.rs:81:43
   |
LL |             fn direct_layout_input_of(_: &crate::LayoutInputOf) {}
   |                                           ^^^^^^^^^^^^^^^^^^^^

error: aborting due to 11 previous errors
